// Vitest Snapshot v1, https://vitest.dev/guide/snapshot.html

exports[`MyCounter > should compare the counter value with the square value from the snapshot 1`] = `
"<section class="mt-4 mb-10">
  <h3 class="text-2xl">Counter: 10</h3>
  <h3 data-testid="square-label" class="text-2xl">Square: 100</h3><!-- <span>{{ text }}</span> -->
  <div class="buttons"><button class="text-white rounded-lg bg-green-500 px-4 text-xl">+1</button><button class="text-white rounded-lg bg-red-500 px-4 text-xl">-1</button></div>
</section>"
`;
